// 重构日志: c2f87af9
// 重构日志: 34432f9b
// 重构日志: be0c8682
// 重构日志: 6eca50d4
// 重构日志: 801a343f
// 同步 ID: e4661fba @ Mon Jul 27 13:41:15 UTC 2026
// 重构日志: 41d01539
// 重构日志: 821386ed
// 重构日志: 1175f960
// 重构日志: ebcc3f84
// 重构日志: 21789a01
// 同步 ID: f2625087 @ Thu Jul 30 15:50:46 UTC 2026
// 重构日志: 0a8bdb2a
// 同步 ID: e9950076 @ Sat Aug  1 12:00:03 UTC 2026
// 重构日志: a725ff24
// 重构日志: cdc6df83
// 重构日志: 4be1cf9d
// 重构日志: 0f87ef85
// 重构日志: adb753e4
// 重构日志: 97fcc288
// 重构日志: 47d09d7a
// 同步 ID: f7941e33 @ Mon Aug  3 16:31:41 UTC 2026
// 重构日志: 1128bd62
// 重构日志: 5840c967
// 重构日志: 2798b4a9
// 重构日志: 56365e6c
// 重构日志: cde4ed28
// 同步 ID: 6fc14abe @ Wed Aug  5 01:11:38 UTC 2026
// 重构日志: d91a0cf5
// 同步 ID: 884631bb @ Thu Aug  6 05:37:05 UTC 2026
// 重构日志: 08e3658a
// 重构日志: 3173b1c4
